Archive member included to satisfy reference by file (symbol)

c:/program files (x86)/atmel/studio/7.0/toolchain/arm/arm-gnu-toolchain/bin/../lib/gcc/arm-none-eabi/6.3.1/../../../../arm-none-eabi/lib/thumb/v6-m\libc.a(lib_a-exit.o)
                              c:/program files (x86)/atmel/studio/7.0/toolchain/arm/arm-gnu-toolchain/bin/../lib/gcc/arm-none-eabi/6.3.1/../../../../arm-none-eabi/lib/thumb/v6-m/crt0.o (exit)
c:/program files (x86)/atmel/studio/7.0/toolchain/arm/arm-gnu-toolchain/bin/../lib/gcc/arm-none-eabi/6.3.1/../../../../arm-none-eabi/lib/thumb/v6-m\libc.a(lib_a-impure.o)
                              c:/program files (x86)/atmel/studio/7.0/toolchain/arm/arm-gnu-toolchain/bin/../lib/gcc/arm-none-eabi/6.3.1/../../../../arm-none-eabi/lib/thumb/v6-m\libc.a(lib_a-exit.o) (_global_impure_ptr)
c:/program files (x86)/atmel/studio/7.0/toolchain/arm/arm-gnu-toolchain/bin/../lib/gcc/arm-none-eabi/6.3.1/../../../../arm-none-eabi/lib/thumb/v6-m\libc.a(lib_a-init.o)
                              c:/program files (x86)/atmel/studio/7.0/toolchain/arm/arm-gnu-toolchain/bin/../lib/gcc/arm-none-eabi/6.3.1/../../../../arm-none-eabi/lib/thumb/v6-m/crt0.o (__libc_init_array)
c:/program files (x86)/atmel/studio/7.0/toolchain/arm/arm-gnu-toolchain/bin/../lib/gcc/arm-none-eabi/6.3.1/../../../../arm-none-eabi/lib/thumb/v6-m\libc.a(lib_a-memset.o)
                              c:/program files (x86)/atmel/studio/7.0/toolchain/arm/arm-gnu-toolchain/bin/../lib/gcc/arm-none-eabi/6.3.1/../../../../arm-none-eabi/lib/thumb/v6-m/crt0.o (memset)
c:/program files (x86)/atmel/studio/7.0/toolchain/arm/arm-gnu-toolchain/bin/../lib/gcc/arm-none-eabi/6.3.1/../../../../arm-none-eabi/lib/thumb/v6-m\libc.a(lib_a-__call_atexit.o)
                              c:/program files (x86)/atmel/studio/7.0/toolchain/arm/arm-gnu-toolchain/bin/../lib/gcc/arm-none-eabi/6.3.1/../../../../arm-none-eabi/lib/thumb/v6-m\libc.a(lib_a-exit.o) (__call_exitprocs)
c:/program files (x86)/atmel/studio/7.0/toolchain/arm/arm-gnu-toolchain/bin/../lib/gcc/arm-none-eabi/6.3.1/../../../../arm-none-eabi/lib/thumb/v6-m\libc.a(lib_a-atexit.o)
                              c:/program files (x86)/atmel/studio/7.0/toolchain/arm/arm-gnu-toolchain/bin/../lib/gcc/arm-none-eabi/6.3.1/../../../../arm-none-eabi/lib/thumb/v6-m\libc.a(lib_a-__call_atexit.o) (atexit)
c:/program files (x86)/atmel/studio/7.0/toolchain/arm/arm-gnu-toolchain/bin/../lib/gcc/arm-none-eabi/6.3.1/../../../../arm-none-eabi/lib/thumb/v6-m\libc.a(lib_a-fini.o)
                              c:/program files (x86)/atmel/studio/7.0/toolchain/arm/arm-gnu-toolchain/bin/../lib/gcc/arm-none-eabi/6.3.1/../../../../arm-none-eabi/lib/thumb/v6-m\libc.a(lib_a-__call_atexit.o) (__libc_fini_array)
c:/program files (x86)/atmel/studio/7.0/toolchain/arm/arm-gnu-toolchain/bin/../lib/gcc/arm-none-eabi/6.3.1/../../../../arm-none-eabi/lib/thumb/v6-m\libc.a(lib_a-lock.o)
                              c:/program files (x86)/atmel/studio/7.0/toolchain/arm/arm-gnu-toolchain/bin/../lib/gcc/arm-none-eabi/6.3.1/../../../../arm-none-eabi/lib/thumb/v6-m\libc.a(lib_a-__call_atexit.o) (__retarget_lock_acquire_recursive)
c:/program files (x86)/atmel/studio/7.0/toolchain/arm/arm-gnu-toolchain/bin/../lib/gcc/arm-none-eabi/6.3.1/../../../../arm-none-eabi/lib/thumb/v6-m\libc.a(lib_a-__atexit.o)
                              c:/program files (x86)/atmel/studio/7.0/toolchain/arm/arm-gnu-toolchain/bin/../lib/gcc/arm-none-eabi/6.3.1/../../../../arm-none-eabi/lib/thumb/v6-m\libc.a(lib_a-atexit.o) (__register_exitproc)

Allocating common symbols
Common symbol       size              file

__lock___atexit_recursive_mutex
                    0x1               c:/program files (x86)/atmel/studio/7.0/toolchain/arm/arm-gnu-toolchain/bin/../lib/gcc/arm-none-eabi/6.3.1/../../../../arm-none-eabi/lib/thumb/v6-m\libc.a(lib_a-lock.o)
__lock___arc4random_mutex
                    0x1               c:/program files (x86)/atmel/studio/7.0/toolchain/arm/arm-gnu-toolchain/bin/../lib/gcc/arm-none-eabi/6.3.1/../../../../arm-none-eabi/lib/thumb/v6-m\libc.a(lib_a-lock.o)
__lock___env_recursive_mutex
                    0x1               c:/program files (x86)/atmel/studio/7.0/toolchain/arm/arm-gnu-toolchain/bin/../lib/gcc/arm-none-eabi/6.3.1/../../../../arm-none-eabi/lib/thumb/v6-m\libc.a(lib_a-lock.o)
__lock___sinit_recursive_mutex
                    0x1               c:/program files (x86)/atmel/studio/7.0/toolchain/arm/arm-gnu-toolchain/bin/../lib/gcc/arm-none-eabi/6.3.1/../../../../arm-none-eabi/lib/thumb/v6-m\libc.a(lib_a-lock.o)
__lock___malloc_recursive_mutex
                    0x1               c:/program files (x86)/atmel/studio/7.0/toolchain/arm/arm-gnu-toolchain/bin/../lib/gcc/arm-none-eabi/6.3.1/../../../../arm-none-eabi/lib/thumb/v6-m\libc.a(lib_a-lock.o)
__lock___at_quick_exit_mutex
[...]
Memory Configuration

Name             Origin             Length             Attributes
rom              0x00000000         0x00040000         xr
ram              0x20000000         0x00008000         xrw
*default*        0x00000000         0xffffffff

Linker script and memory map

LOAD c:/program files (x86)/atmel/studio/7.0/toolchain/arm/arm-gnu-toolchain/bin/../lib/gcc/arm-none-eabi/6.3.1/thumb/v6-m/crti.o
LOAD c:/program files (x86)/atmel/studio/7.0/toolchain/arm/arm-gnu-toolchain/bin/../lib/gcc/arm-none-eabi/6.3.1/thumb/v6-m/crtbegin.o
LOAD c:/program files (x86)/atmel/studio/7.0/toolchain/arm/arm-gnu-toolchain/bin/../lib/gcc/arm-none-eabi/6.3.1/../../../../arm-none-eabi/lib/thumb/v6-m/crt0.o
LOAD Device_Startup/startup_samd21.o
LOAD Device_Startup/system_samd21.o
LOAD Kernel/Interrupts/HardFault.o
LOAD Kernel/Interrupts/SysTick.o
LOAD Kernel/IO/i2cManager.o
LOAD Kernel/IO/spiManager.o
LOAD Kernel/IO/uartManager.o
LOAD Kernel/Kernel.o
LOAD main.o
LOAD OS/OS.o
START GROUP
END GROUP
LOAD c:/program files (x86)/atmel/studio/7.0/toolchain/arm/arm-gnu-toolchain/bin/../lib/gcc/arm-none-eabi/6.3.1/../../../../arm-none-eabi/lib/thumb/v6-m\libstdc++.a
LOAD c:/program files (x86)/atmel/studio/7.0/toolchain/arm/arm-gnu-toolchain/bin/../lib/gcc/arm-none-eabi/6.3.1/../../../../arm-none-eabi/lib/thumb/v6-m\libm.a
START GROUP
LOAD c:/program files (x86)/atmel/studio/7.0/toolchain/arm/arm-gnu-toolchain/bin/../lib/gcc/arm-none-eabi/6.3.1/thumb/v6-m\libgcc.a
LOAD c:/program files (x86)/atmel/studio/7.0/toolchain/arm/arm-gnu-toolchain/bin/../lib/gcc/arm-none-eabi/6.3.1/../../../../arm-none-eabi/lib/thumb/v6-m\libc.a
END GROUP
LOAD c:/program files (x86)/atmel/studio/7.0/toolchain/arm/arm-gnu-toolchain/bin/../lib/gcc/arm-none-eabi/6.3.1/thumb/v6-m/crtend.o
LOAD c:/program files (x86)/atmel/studio/7.0/toolchain/arm/arm-gnu-toolchain/bin/../lib/gcc/arm-none-eabi/6.3.1/thumb/v6-m/crtn.o
                0x00002000                STACK_SIZE = DEFINED (STACK_SIZE)?STACK_SIZE:DEFINED (__stack_size__)?__stack_size__:0x2000

.text           0x00000000      0x474
                0x00000000                . = ALIGN (0x4)
                0x00000000                _sfixed = .
 *(.vectors .vectors.*)
 .vectors       0x00000000       0xb4 Device_Startup/startup_samd21.o
                0x00000000                exception_table
 *(.text .text.* .gnu.linkonce.t.*)
 .text          0x000000b4       0x60 c:/program files (x86)/atmel/studio/7.0/toolchain/arm/arm-gnu-toolchain/bin/../lib/gcc/arm-none-eabi/6.3.1/thumb/v6-m/crtbegin.o
 .text.Dummy_Handler
                0x00000114        0x2 Device_Startup/startup_samd21.o
                0x00000114                SVCall_Handler
                0x00000114                DMAC_Handler
                0x00000114                HardFault_Handler
                0x00000114                AC_Handler
                0x00000114                SysTick_Handler
                0x00000114                PendSV_Handler
                0x00000114                SERCOM1_Handler
                0x00000114                ADC_Handler
                0x00000114                NonMaskableInt_Handler
                0x00000114                TCC1_Handler
                0x00000114                SERCOM2_Handler
                0x00000114                TCC0_Handler
                0x00000114                RTC_Handler
                0x00000114                EIC_Handler
                0x00000114                WDT_Handler
                0x00000114                TC4_Handler
                0x00000114                USB_Handler
                0x00000114                TC3_Handler
                0x00000114                Dummy_Handler
                0x00000114                PM_Handler
                0x00000114                SERCOM5_Handler
                0x00000114                TCC2_Handler
                0x00000114                EVSYS_Handler
                0x00000114                SERCOM3_Handler
                0x00000114                SERCOM4_Handler
                0x00000114                I2S_Handler
                0x00000114                NVMCTRL_Handler
                0x00000114                SERCOM0_Handler
                0x00000114                DAC_Handler
                0x00000114                PTC_Handler
                0x00000114                TC5_Handler
                0x00000114                SYSCTRL_Handler
 *fill*         0x00000116        0x2 
 .text.Reset_Handler
                0x00000118       0xe4 Device_Startup/startup_samd21.o
                0x00000118                Reset_Handler
 .text.SystemInit
                0x000001fc       0x10 Device_Startup/system_samd21.o
                0x000001fc                SystemInit
 .text._Z15handleHardFaultv
                0x0000020c       0x48 Kernel/Interrupts/HardFault.o
                0x0000020c                handleHardFault()
 .text._Z17registerHardFaultv
                0x00000254       0x14 Kernel/Interrupts/HardFault.o
                0x00000254                registerHardFault()
 .text._Z13handleSysTickv
                0x00000268        0x2 Kernel/Interrupts/SysTick.o
                0x00000268                handleSysTick()
 *fill*         0x0000026a        0x2 
 .text._Z15registerSysTickv
                0x0000026c       0x24 Kernel/Interrupts/SysTick.o
                0x0000026c                registerSysTick()
 .text.main     0x00000290       0x1c main.o
                0x00000290                main
 .text.__libc_init_array
                0x000002ac       0x48 c:/program files (x86)/atmel/studio/7.0/toolchain/arm/arm-gnu-toolchain/bin/../lib/gcc/arm-none-eabi/6.3.1/../../../../arm-none-eabi/lib/thumb/v6-m\libc.a(lib_a-init.o)
                0x000002ac                __libc_init_array
 .text.startup.register_fini
                0x000002f4       0x18 c:/program files (x86)/atmel/studio/7.0/toolchain/arm/arm-gnu-toolchain/bin/../lib/gcc/arm-none-eabi/6.3.1/../../../../arm-none-eabi/lib/thumb/v6-m\libc.a(lib_a-__call_atexit.o)
 .text.atexit   0x0000030c       0x10 c:/program files (x86)/atmel/studio/7.0/toolchain/arm/arm-gnu-toolchain/bin/../lib/gcc/arm-none-eabi/6.3.1/../../../../arm-none-eabi/lib/thumb/v6-m\libc.a(lib_a-atexit.o)
                0x0000030c                atexit
 .text.__libc_fini_array
                0x0000031c       0x34 c:/program files (x86)/atmel/studio/7.0/toolchain/arm/arm-gnu-toolchain/bin/../lib/gcc/arm-none-eabi/6.3.1/../../../../arm-none-eabi/lib/thumb/v6-m\libc.a(lib_a-fini.o)
                0x0000031c                __libc_fini_array
 .text.__retarget_lock_acquire_recursive
                0x00000350        0x4 c:/program files (x86)/atmel/studio/7.0/toolchain/arm/arm-gnu-toolchain/bin/../lib/gcc/arm-none-eabi/6.3.1/../../../../arm-none-eabi/lib/thumb/v6-m\libc.a(lib_a-lock.o)
                0x00000350                __retarget_lock_acquire_recursive
 .text.__retarget_lock_release_recursive
                0x00000354        0x4 c:/program files (x86)/atmel/studio/7.0/toolchain/arm/arm-gnu-toolchain/bin/../lib/gcc/arm-none-eabi/6.3.1/../../../../arm-none-eabi/lib/thumb/v6-m\libc.a(lib_a-lock.o)
                0x00000354                __retarget_lock_release_recursive
 .text.__register_exitproc
                0x00000358       0xf4 c:/program files (x86)/atmel/studio/7.0/toolchain/arm/arm-gnu-toolchain/bin/../lib/gcc/arm-none-eabi/6.3.1/../../../../arm-none-eabi/lib/thumb/v6-m\libc.a(lib_a-__atexit.o)
                0x00000358                __register_exitproc
 *(.glue_7t)
 .glue_7t       0x0000044c        0x0 linker stubs
 *(.glue_7)
 .glue_7        0x0000044c        0x0 linker stubs
 *(.rodata .rodata* .gnu.linkonce.r.*)
 .rodata._global_impure_ptr
                0x0000044c        0x4 c:/program files (x86)/atmel/studio/7.0/toolchain/arm/arm-gnu-toolchain/bin/../lib/gcc/arm-none-eabi/6.3.1/../../../../arm-none-eabi/lib/thumb/v6-m\libc.a(lib_a-impure.o)
                0x0000044c                _global_impure_ptr
 *(.ARM.extab* .gnu.linkonce.armextab.*)
                0x00000450                . = ALIGN (0x4)
 *(.init)
 .init          0x00000450        0x4 c:/program files (x86)/atmel/studio/7.0/toolchain/arm/arm-gnu-toolchain/bin/../lib/gcc/arm-none-eabi/6.3.1/thumb/v6-m/crti.o
                0x00000450                _init
 .init          0x00000454        0x8 c:/program files (x86)/atmel/studio/7.0/toolchain/arm/arm-gnu-toolchain/bin/../lib/gcc/arm-none-eabi/6.3.1/thumb/v6-m/crtn.o
                0x0000045c                . = ALIGN (0x4)
                0x0000045c                __preinit_array_start = .
 *(.preinit_array)
                0x0000045c                __preinit_array_end = .
                0x0000045c                . = ALIGN (0x4)
                0x0000045c                __init_array_start = .
 *(SORT(.init_array.*))
 .init_array.00000
                0x0000045c        0x4 c:/program files (x86)/atmel/studio/7.0/toolchain/arm/arm-gnu-toolchain/bin/../lib/gcc/arm-none-eabi/6.3.1/../../../../arm-none-eabi/lib/thumb/v6-m\libc.a(lib_a-__call_atexit.o)
 *(.init_array)
 .init_array    0x00000460        0x4 c:/program files (x86)/atmel/studio/7.0/toolchain/arm/arm-gnu-toolchain/bin/../lib/gcc/arm-none-eabi/6.3.1/thumb/v6-m/crtbegin.o
                0x00000464                __init_array_end = .
                0x00000464                . = ALIGN (0x4)
 *crtbegin.o(.ctors)
 *(EXCLUDE_FILE(*crtend.o) .ctors)
 *(SORT(.ctors.*))
 *crtend.o(.ctors)
                0x00000464                . = ALIGN (0x4)
 *(.fini)
 .fini          0x00000464        0x4 c:/program files (x86)/atmel/studio/7.0/toolchain/arm/arm-gnu-toolchain/bin/../lib/gcc/arm-none-eabi/6.3.1/thumb/v6-m/crti.o
                0x00000464                _fini
 .fini          0x00000468        0x8 c:/program files (x86)/atmel/studio/7.0/toolchain/arm/arm-gnu-toolchain/bin/../lib/gcc/arm-none-eabi/6.3.1/thumb/v6-m/crtn.o
                0x00000470                . = ALIGN (0x4)
                0x00000470                __fini_array_start = .
 *(.fini_array)
 .fini_array    0x00000470        0x4 c:/program files (x86)/atmel/studio/7.0/toolchain/arm/arm-gnu-toolchain/bin/../lib/gcc/arm-none-eabi/6.3.1/thumb/v6-m/crtbegin.o
 *(SORT(.fini_array.*))
                0x00000474                __fini_array_end = .
 *crtbegin.o(.dtors)
 *(EXCLUDE_FILE(*crtend.o) .dtors)
 *(SORT(.dtors.*))
 *crtend.o(.dtors)
                0x00000474                . = ALIGN (0x4)
                0x00000474                _efixed = .
                [!provide]                PROVIDE (__exidx_start, .)

.vfp11_veneer   0x00000474        0x0
 .vfp11_veneer  0x00000474        0x0 linker stubs

.v4_bx          0x00000474        0x0
 .v4_bx         0x00000474        0x0 linker stubs

.iplt           0x00000474        0x0
 .iplt          0x00000474        0x0 c:/program files (x86)/atmel/studio/7.0/toolchain/arm/arm-gnu-toolchain/bin/../lib/gcc/arm-none-eabi/6.3.1/thumb/v6-m/crtbegin.o

.eh_frame       0x00000474        0x0
 .eh_frame      0x00000474        0x0 c:/program files (x86)/atmel/studio/7.0/toolchain/arm/arm-gnu-toolchain/bin/../lib/gcc/arm-none-eabi/6.3.1/thumb/v6-m/crtbegin.o

.rel.dyn        0x00000474        0x0
 .rel.iplt      0x00000474        0x0 c:/program files (x86)/atmel/studio/7.0/toolchain/arm/arm-gnu-toolchain/bin/../lib/gcc/arm-none-eabi/6.3.1/thumb/v6-m/crtbegin.o

.jcr            0x00000474        0x0
 .jcr           0x00000474        0x0 c:/program files (x86)/atmel/studio/7.0/toolchain/arm/arm-gnu-toolchain/bin/../lib/gcc/arm-none-eabi/6.3.1/thumb/v6-m/crtbegin.o

.igot.plt       0x00000474        0x0
 .igot.plt      0x00000474        0x0 c:/program files (x86)/atmel/studio/7.0/toolchain/arm/arm-gnu-toolchain/bin/../lib/gcc/arm-none-eabi/6.3.1/thumb/v6-m/crtbegin.o

.ARM.exidx
 *(.ARM.exidx* .gnu.linkonce.armexidx.*)
                [!provide]                PROVIDE (__exidx_end, .)
                0x00000474                . = ALIGN (0x4)
                0x00000474                _etext = .

.relocate       0x20000000      0x434 load address 0x00000474
                0x20000000                . = ALIGN (0x4)
                0x20000000                _srelocate = .
 *(.ramfunc .ramfunc.*)
 *(.data .data.*)
 .data          0x20000000        0x4 Device_Startup/system_samd21.o
                0x20000000                SystemCoreClock
 *fill*         0x20000004        0x4 
 .data.impure_data
                0x20000008      0x428 c:/program files (x86)/atmel/studio/7.0/toolchain/arm/arm-gnu-toolchain/bin/../lib/gcc/arm-none-eabi/6.3.1/../../../../arm-none-eabi/lib/thumb/v6-m\libc.a(lib_a-impure.o)
 .data.__atexit_recursive_mutex
                0x20000430        0x4 c:/program files (x86)/atmel/studio/7.0/toolchain/arm/arm-gnu-toolchain/bin/../lib/gcc/arm-none-eabi/6.3.1/../../../../arm-none-eabi/lib/thumb/v6-m\libc.a(lib_a-__call_atexit.o)
                0x20000430                __atexit_recursive_mutex
                0x20000434                . = ALIGN (0x4)
                0x20000434                _erelocate = .

.bss            0x20000434       0x50 load address 0x000008a8
                0x20000434                . = ALIGN (0x4)
                0x20000434                _sbss = .
                0x20000434                _szero = .
 *(.bss .bss.*)
 .bss           0x20000434       0x1c c:/program files (x86)/atmel/studio/7.0/toolchain/arm/arm-gnu-toolchain/bin/../lib/gcc/arm-none-eabi/6.3.1/thumb/v6-m/crtbegin.o
 .bss           0x20000450        0xe Kernel/Interrupts/HardFault.o
                0x20000450                currentInterruptIndex
                0x20000454                interrupts
 *(COMMON)
 *fill*         0x2000045e        0x2 
 COMMON         0x20000460       0x21 c:/program files (x86)/atmel/studio/7.0/toolchain/arm/arm-gnu-toolchain/bin/../lib/gcc/arm-none-eabi/6.3.1/../../../../arm-none-eabi/lib/thumb/v6-m\libc.a(lib_a-lock.o)
                0x20000460                __lock___atexit_recursive_mutex
                0x20000464                __lock___arc4random_mutex
                0x20000468                __lock___env_recursive_mutex
                0x2000046c                __lock___sinit_recursive_mutex
                0x20000470                __lock___malloc_recursive_mutex
                0x20000474                __lock___at_quick_exit_mutex
                0x20000478                __lock___dd_hash_mutex
                0x2000047c                __lock___tz_mutex
                0x20000480                __lock___sfp_recursive_mutex
                0x20000484                . = ALIGN (0x4)
 *fill*         0x20000481        0x3 
                0x20000484                _ebss = .
                0x20000484                _ezero = .

.stack          0x20000484     0x2004 load address 0x000008f8
                0x20000488                . = ALIGN (0x8)
 *fill*         0x20000484        0x4 
                0x20000488                _sstack = .
                0x20002488                . = (. + STACK_SIZE)
 *fill*         0x20000488     0x2000 
                0x20002488                . = ALIGN (0x8)
                0x20002488                _estack = .
                0x20002488                . = ALIGN (0x4)
                0x20002488                _end = .
OUTPUT(Rocket_Code_2020.elf elf32-littlearm)

.ARM.attributes
                0x00000000       0x28
 .ARM.attributes
                0x00000000       0x1e c:/program files (x86)/atmel/studio/7.0/toolchain/arm/arm-gnu-toolchain/bin/../lib/gcc/arm-none-eabi/6.3.1/thumb/v6-m/crti.o
 .ARM.attributes
                0x0000001e       0x2c c:/program files (x86)/atmel/studio/7.0/toolchain/arm/arm-gnu-toolchain/bin/../lib/gcc/arm-none-eabi/6.3.1/thumb/v6-m/crtbegin.o
 .ARM.attributes
                0x0000004a       0x32 Device_Startup/startup_samd21.o
 .ARM.attributes
                0x0000007c       0x32 Device_Startup/system_samd21.o
 .ARM.attributes
                0x000000ae       0x32 Kernel/Interrupts/HardFault.o
 .ARM.attributes
                0x000000e0       0x32 Kernel/Interrupts/SysTick.o
 .ARM.attributes
                0x00000112       0x32 main.o
 .ARM.attributes
                0x00000144       0x2c c:/program files (x86)/atmel/studio/7.0/toolchain/arm/arm-gnu-toolchain/bin/../lib/gcc/arm-none-eabi/6.3.1/../../../../arm-none-eabi/lib/thumb/v6-m\libc.a(lib_a-impure.o)
 .ARM.attributes
                0x00000170       0x2c c:/program files (x86)/atmel/studio/7.0/toolchain/arm/arm-gnu-toolchain/bin/../lib/gcc/arm-none-eabi/6.3.1/../../../../arm-none-eabi/lib/thumb/v6-m\libc.a(lib_a-init.o)
 .ARM.attributes
                0x0000019c       0x2c c:/program files (x86)/atmel/studio/7.0/toolchain/arm/arm-gnu-toolchain/bin/../lib/gcc/arm-none-eabi/6.3.1/../../../../arm-none-eabi/lib/thumb/v6-m\libc.a(lib_a-__call_atexit.o)
 .ARM.attributes
                0x000001c8       0x2c c:/program files (x86)/atmel/studio/7.0/toolchain/arm/arm-gnu-toolchain/bin/../lib/gcc/arm-none-eabi/6.3.1/../../../../arm-none-eabi/lib/thumb/v6-m\libc.a(lib_a-atexit.o)
 .ARM.attributes
                0x000001f4       0x2c c:/program files (x86)/atmel/studio/7.0/toolchain/arm/arm-gnu-toolchain/bin/../lib/gcc/arm-none-eabi/6.3.1/../../../../arm-none-eabi/lib/thumb/v6-m\libc.a(lib_a-fini.o)
 .ARM.attributes
                0x00000220       0x2c c:/program files (x86)/atmel/studio/7.0/toolchain/arm/arm-gnu-toolchain/bin/../lib/gcc/arm-none-eabi/6.3.1/../../../../arm-none-eabi/lib/thumb/v6-m\libc.a(lib_a-lock.o)
 .ARM.attributes
                0x0000024c       0x2c c:/program files (x86)/atmel/studio/7.0/toolchain/arm/arm-gnu-toolchain/bin/../lib/gcc/arm-none-eabi/6.3.1/../../../../arm-none-eabi/lib/thumb/v6-m\libc.a(lib_a-__atexit.o)
 .ARM.attributes
                0x00000278       0x1e c:/program files (x86)/atmel/studio/7.0/toolchain/arm/arm-gnu-toolchain/bin/../lib/gcc/arm-none-eabi/6.3.1/thumb/v6-m/crtn.o

.comment        0x00000000       0x59
 .comment       0x00000000       0x59 Device_Startup/startup_samd21.o
                                 0x5a (size before relaxing)
 .comment       0x00000059       0x5a Device_Startup/system_samd21.o
 .comment       0x00000059       0x5a Kernel/Interrupts/HardFault.o
 .comment       0x00000059       0x5a Kernel/Interrupts/SysTick.o
 .comment       0x00000059       0x5a main.o

.debug_info     0x00000000     0x4677
 .debug_info    0x00000000     0x3a28 Device_Startup/startup_samd21.o
 .debug_info    0x00003a28       0xd5 Device_Startup/system_samd21.o
 .debug_info    0x00003afd      0x4f4 Kernel/Interrupts/HardFault.o
 .debug_info    0x00003ff1      0x47a Kernel/Interrupts/SysTick.o
 .debug_info    0x0000446b      0x20c main.o

.debug_abbrev   0x00000000      0x6bd
 .debug_abbrev  0x00000000      0x234 Device_Startup/startup_samd21.o
 .debug_abbrev  0x00000234       0x72 Device_Startup/system_samd21.o
 .debug_abbrev  0x000002a6      0x1d1 Kernel/Interrupts/HardFault.o
 .debug_abbrev  0x00000477      0x178 Kernel/Interrupts/SysTick.o
 .debug_abbrev  0x000005ef       0xce main.o

.debug_loc      0x00000000      0x134
 .debug_loc     0x00000000       0x40 Device_Startup/startup_samd21.o
 .debug_loc     0x00000040       0x94 Kernel/Interrupts/HardFault.o
 .debug_loc     0x000000d4       0x40 Kernel/Interrupts/SysTick.o
 .debug_loc     0x00000114       0x20 main.o

.debug_aranges  0x00000000       0xc8
 .debug_aranges
                0x00000000       0x28 Device_Startup/startup_samd21.o
 .debug_aranges
                0x00000028       0x28 Device_Startup/system_samd21.o
 .debug_aranges
                0x00000050       0x30 Kernel/Interrupts/HardFault.o
 .debug_aranges
                0x00000080       0x28 Kernel/Interrupts/SysTick.o
 .debug_aranges
                0x000000a8       0x20 main.o

.debug_ranges   0x00000000       0x90
 .debug_ranges  0x00000000       0x18 Device_Startup/startup_samd21.o
 .debug_ranges  0x00000018       0x18 Device_Startup/system_samd21.o
 .debug_ranges  0x00000030       0x38 Kernel/Interrupts/HardFault.o
 .debug_ranges  0x00000068       0x18 Kernel/Interrupts/SysTick.o
 .debug_ranges  0x00000080       0x10 main.o

.debug_macro    0x00000000    0x12309
 .debug_macro   0x00000000      0x2ed Device_Startup/startup_samd21.o
 .debug_macro   0x000002ed      0x89e Device_Startup/startup_samd21.o
 .debug_macro   0x00000b8b       0x22 Device_Startup/startup_samd21.o
 .debug_macro   0x00000bad       0x87 Device_Startup/startup_samd21.o
 .debug_macro   0x00000c34       0x51 Device_Startup/startup_samd21.o
 .debug_macro   0x00000c85       0xef Device_Startup/startup_samd21.o
 .debug_macro   0x00000d74       0x6a Device_Startup/startup_samd21.o
 .debug_macro   0x00000dde      0x1df Device_Startup/startup_samd21.o
 .debug_macro   0x00000fbd       0x39 Device_Startup/startup_samd21.o
 .debug_macro   0x00000ff6       0x28 Device_Startup/startup_samd21.o
 .debug_macro   0x0000101e       0x85 Device_Startup/startup_samd21.o
 .debug_macro   0x000010a3      0x375 Device_Startup/startup_samd21.o
 .debug_macro   0x00001418      0x67e Device_Startup/startup_samd21.o
 .debug_macro   0x00001a96      0x8b1 Device_Startup/startup_samd21.o
 .debug_macro   0x00002347      0x22e Device_Startup/startup_samd21.o
 .debug_macro   0x00002575      0xd5c Device_Startup/startup_samd21.o
 .debug_macro   0x000032d1      0x4dc Device_Startup/startup_samd21.o
 .debug_macro   0x000037ad      0x9f6 Device_Startup/startup_samd21.o
 .debug_macro   0x000041a3      0x82b Device_Startup/startup_samd21.o
 .debug_macro   0x000049ce      0x45f Device_Startup/startup_samd21.o
 .debug_macro   0x00004e2d       0x5e Device_Startup/startup_samd21.o
 .debug_macro   0x00004e8b      0x8f9 Device_Startup/startup_samd21.o
 .debug_macro   0x00005784      0x21c Device_Startup/startup_samd21.o
 .debug_macro   0x000059a0      0x735 Device_Startup/startup_samd21.o
 .debug_macro   0x000060d5       0x5e Device_Startup/startup_samd21.o
 .debug_macro   0x00006133      0x632 Device_Startup/startup_samd21.o
 .debug_macro   0x00006765      0x3ac Device_Startup/startup_samd21.o
 .debug_macro   0x00006b11      0xc76 Device_Startup/startup_samd21.o
 .debug_macro   0x00007787     0x1092 Device_Startup/startup_samd21.o
 .debug_macro   0x00008819      0xc4a Device_Startup/startup_samd21.o
 .debug_macro   0x00009463      0x6ba Device_Startup/startup_samd21.o
 .debug_macro   0x00009b1d     0x1b3d Device_Startup/startup_samd21.o
 .debug_macro   0x0000b65a     0x143c Device_Startup/startup_samd21.o
 .debug_macro   0x0000ca96      0x340 Device_Startup/startup_samd21.o
 .debug_macro   0x0000cdd6       0x7c Device_Startup/startup_samd21.o
 .debug_macro   0x0000ce52       0xa0 Device_Startup/startup_samd21.o
 .debug_macro   0x0000cef2       0x4c Device_Startup/startup_samd21.o
 .debug_macro   0x0000cf3e       0xca Device_Startup/startup_samd21.o
 .debug_macro   0x0000d008       0x94 Device_Startup/startup_samd21.o
 .debug_macro   0x0000d09c       0x58 Device_Startup/startup_samd21.o
 .debug_macro   0x0000d0f4      0x341 Device_Startup/startup_samd21.o
 .debug_macro   0x0000d435       0x82 Device_Startup/startup_samd21.o
 .debug_macro   0x0000d4b7      0x189 Device_Startup/startup_samd21.o
 .debug_macro   0x0000d640       0xb8 Device_Startup/startup_samd21.o
 .debug_macro   0x0000d6f8       0xa0 Device_Startup/startup_samd21.o
 .debug_macro   0x0000d798       0xb2 Device_Startup/startup_samd21.o
 .debug_macro   0x0000d84a       0x1c Device_Startup/startup_samd21.o
 .debug_macro   0x0000d866       0x1c Device_Startup/startup_samd21.o
 .debug_macro   0x0000d882       0x1c Device_Startup/startup_samd21.o
 .debug_macro   0x0000d89e       0x7c Device_Startup/startup_samd21.o
 .debug_macro   0x0000d91a      0x15a Device_Startup/startup_samd21.o
 .debug_macro   0x0000da74       0x10 Device_Startup/startup_samd21.o
 .debug_macro   0x0000da84       0xdc Device_Startup/startup_samd21.o
 .debug_macro   0x0000db60      0x124 Device_Startup/startup_samd21.o
 .debug_macro   0x0000dc84      0x124 Device_Startup/startup_samd21.o
 .debug_macro   0x0000dda8      0x124 Device_Startup/startup_samd21.o
 .debug_macro   0x0000decc      0x124 Device_Startup/startup_samd21.o
 .debug_macro   0x0000dff0      0x124 Device_Startup/startup_samd21.o
 .debug_macro   0x0000e114      0x124 Device_Startup/startup_samd21.o
 .debug_macro   0x0000e238      0x124 Device_Startup/startup_samd21.o
 .debug_macro   0x0000e35c       0xe2 Device_Startup/startup_samd21.o
 .debug_macro   0x0000e43e       0xe2 Device_Startup/startup_samd21.o
 .debug_macro   0x0000e520       0xe2 Device_Startup/startup_samd21.o
 .debug_macro   0x0000e602      0x12a Device_Startup/startup_samd21.o
 .debug_macro   0x0000e72c      0x100 Device_Startup/startup_samd21.o
 .debug_macro   0x0000e82c       0xf4 Device_Startup/startup_samd21.o
 .debug_macro   0x0000e920      0x40f Device_Startup/startup_samd21.o
 .debug_macro   0x0000ed2f       0x40 Device_Startup/startup_samd21.o
 .debug_macro   0x0000ed6f      0x376 Device_Startup/startup_samd21.o
 .debug_macro   0x0000f0e5     0x17df Device_Startup/startup_samd21.o
 .debug_macro   0x000108c4       0x6d Device_Startup/startup_samd21.o
 .debug_macro   0x00010931      0x2f3 Device_Startup/system_samd21.o
 .debug_macro   0x00010c24      0x306 Kernel/Interrupts/HardFault.o
 .debug_macro   0x00010f2a      0x970 Kernel/Interrupts/HardFault.o
 .debug_macro   0x0001189a       0x1c Kernel/Interrupts/HardFault.o
 .debug_macro   0x000118b6       0x87 Kernel/Interrupts/HardFault.o
 .debug_macro   0x0001193d      0x375 Kernel/Interrupts/HardFault.o
 .debug_macro   0x00011cb2      0x2fb Kernel/Interrupts/SysTick.o
 .debug_macro   0x00011fad       0x22 Kernel/Interrupts/SysTick.o
 .debug_macro   0x00011fcf      0x30e main.o
 .debug_macro   0x000122dd       0x10 main.o
 .debug_macro   0x000122ed       0x1c main.o

.debug_line     0x00000000     0x2271
 .debug_line    0x00000000      0x6df Device_Startup/startup_samd21.o
 .debug_line    0x000006df      0x6ca Device_Startup/system_samd21.o
 .debug_line    0x00000da9      0x713 Kernel/Interrupts/HardFault.o
 .debug_line    0x000014bc      0x6df Kernel/Interrupts/SysTick.o
 .debug_line    0x00001b9b      0x6d6 main.o

.debug_str      0x00000000    0x6e3a5
 .debug_str     0x00000000    0x6d99c Device_Startup/startup_samd21.o
                              0x6ddc7 (size before relaxing)
 .debug_str     0x0006d99c       0x5c Device_Startup/system_samd21.o
                              0x6cc4b (size before relaxing)
 .debug_str     0x0006d9f8      0x888 Kernel/Interrupts/HardFault.o
                              0x6d354 (size before relaxing)
 .debug_str     0x0006e280      0x117 Kernel/Interrupts/SysTick.o
                              0x6d38e (size before relaxing)
 .debug_str     0x0006e397        0xe main.o
                              0x6d2bf (size before relaxing)

.debug_frame    0x00000000      0x2d8
 .debug_frame   0x00000000       0x40 Device_Startup/startup_samd21.o
 .debug_frame   0x00000040       0x30 Device_Startup/system_samd21.o
 .debug_frame   0x00000070       0x50 Kernel/Interrupts/HardFault.o
 .debug_frame   0x000000c0       0x30 Kernel/Interrupts/SysTick.o
 .debug_frame   0x000000f0       0x28 main.o
 .debug_frame   0x00000118       0x2c c:/program files (x86)/atmel/studio/7.0/toolchain/arm/arm-gnu-toolchain/bin/../lib/gcc/arm-none-eabi/6.3.1/../../../../arm-none-eabi/lib/thumb/v6-m\libc.a(lib_a-init.o)
 .debug_frame   0x00000144       0x54 c:/program files (x86)/atmel/studio/7.0/toolchain/arm/arm-gnu-toolchain/bin/../lib/gcc/arm-none-eabi/6.3.1/../../../../arm-none-eabi/lib/thumb/v6-m\libc.a(lib_a-__call_atexit.o)
 .debug_frame   0x00000198       0x28 c:/program files (x86)/atmel/studio/7.0/toolchain/arm/arm-gnu-toolchain/bin/../lib/gcc/arm-none-eabi/6.3.1/../../../../arm-none-eabi/lib/thumb/v6-m\libc.a(lib_a-atexit.o)
 .debug_frame   0x000001c0       0x2c c:/program files (x86)/atmel/studio/7.0/toolchain/arm/arm-gnu-toolchain/bin/../lib/gcc/arm-none-eabi/6.3.1/../../../../arm-none-eabi/lib/thumb/v6-m\libc.a(lib_a-fini.o)
 .debug_frame   0x000001ec       0xb0 c:/program files (x86)/atmel/studio/7.0/toolchain/arm/arm-gnu-toolchain/bin/../lib/gcc/arm-none-eabi/6.3.1/../../../../arm-none-eabi/lib/thumb/v6-m\libc.a(lib_a-lock.o)
 .debug_frame   0x0000029c       0x3c c:/program files (x86)/atmel/studio/7.0/toolchain/arm/arm-gnu-toolchain/bin/../lib/gcc/arm-none-eabi/6.3.1/../../../../arm-none-eabi/lib/thumb/v6-m\libc.a(lib_a-__atexit.o)
